// Jest Snapshot v1, https://goo.gl/fbAQLP

exports[`http.get should throw a 404 Not Found error because the path is not known 1`] = `
"<!DOCTYPE HTML PUBLIC "-//IETF//DTD HTML 2.0//EN">
<html><head>
<title>404 Not Found</title>
</head><body>
<h1>Not Found</h1>
<p>The requested URL was not found on this server.</p>
<hr>
<address>Apache/2.4.59 (Debian) Server at ws-dev.myunisoft.fr Port 443</address>
</body></html>
"
`;

exports[`http.safeGet should throw a 404 Not Found error because the path is not known 1`] = `
"<!DOCTYPE HTML PUBLIC "-//IETF//DTD HTML 2.0//EN">
<html><head>
<title>404 Not Found</title>
</head><body>
<h1>Not Found</h1>
<p>The requested URL was not found on this server.</p>
<hr>
<address>Apache/2.4.59 (Debian) Server at ws-dev.myunisoft.fr Port 443</address>
</body></html>
"
`;
